Scanning directory . for .sh files...
Adding ./install.sh...
Adding ./o3r.sh...
Adding ./o3r_analyze.sh...
Adding ./o3r_background.sh...
Adding ./o3r_bgrun_integration.sh...
Adding ./o3r_collect_response.sh...
Adding ./o3r_monitor_response.sh...
Adding ./sanitize_repo.sh...
Scanning directory . for .md files...
Adding ./README-Windows.md...
Adding ./README.md...
Adding ./perplexity_results/000_Current_status_of_Chrome_Apps_in_2025_and_alternat.md...
Adding ./perplexity_results/000_How_to_create_a_Chrome_desktop_shortcut_for_a_spec.md...
Adding ./perplexity_results/000_How_to_create_and_distribute_Chrome_apps_for_speci.md...
Adding ./perplexity_results/001_Chrome_PWA__Progressive_Web_App__vs_Chrome_extensi.md...
Adding ./perplexity_results/001_Chrome_PWA_installation_steps.md...
Adding ./perplexity_results/001_How_to_create_a_PWA_install_button_for_a_website.md...
Adding ./perplexity_results/002_Chrome_protocol_handlers_versus_web_app_installati.md...
Adding ./perplexity_results/002_How_to_distribute_Chrome_apps_to_users.md...
Adding ./perplexity_results/002_Steps_to_create_a_Progressive_Web_App_for_specific.md...
Adding ./perplexity_results/003_Chrome_URL_handlers_and_protocol_handlers_for_laun.md...
Adding ./perplexity_results/003_How_to_create_a_Chrome_PWA_installation_button_on_.md...
Adding ./perplexity_results/2025_urls_users_and_1_more_combined.md...
Adding ./perplexity_results/alternatives_website_url_and_1_more_combined.md...
Adding ./perplexity_results/website_steps_installation_combined.md...
### REFACTORING INSTRUCTIONS ###
Refactor this codebase to be more vertically compressed and efficient while maintaining functionality. Requirements:
1. Combine related functions, variables, and imports on single lines where logical
2. Use Python shorthand syntax (list/dict comprehensions, ternaries, etc.)
3. Merge similar logic and remove redundant code
4. CRITICAL: Preserve ALL literal strings exactly as-is, including:
   - Success messages
   - Error messages
   - API responses
   - Log messages
   - Test assertions
5. Preserve docstrings and comments that explain complex logic
6. Maintain the same imports, just organize them better

### CODEBASE ###

```sh
# FILE: ./install.sh
#!/usr/bin/env bash
# O3R Installer Script
# Installs the commands globally
set -e

SCRIPT_DIR="$( cd "$( dirname "${BASH_SOURCE[0]}" )" && pwd )"
O3R_SCRIPT="$SCRIPT_DIR/o3r"
MAIN_SCRIPT="$SCRIPT_DIR/o3r.sh"
COLLECT_SCRIPT="$SCRIPT_DIR/o3r_collect_response.sh"
MONITOR_SCRIPT="$SCRIPT_DIR/o3r_monitor_response.sh"
BACKGROUND_SCRIPT="$SCRIPT_DIR/o3r_background.sh"

GREEN='\033[0;32m'
YELLOW='\033[1;33m'
RED='\033[0;31m'
NC='\033[0m'

function print_message {
    local color=$1
    local message=$2
    echo -e "${color}${message}${NC}"
}

function command_exists {
    command -v "$1" >/dev/null 2>&1
}

# Create wrapper scripts
cat > "$O3R_SCRIPT" << EOF
#!/usr/bin/env bash
# Direct o3r CLI wrapper script
# Installed path: $SCRIPT_DIR

# Exit on error, undefined variables, and pipe failures
set -euo pipefail

# Use absolute paths to ensure command works from anywhere
if [ ! -x "$MAIN_SCRIPT" ]; then
    echo "Error: Could not find o3r main script at $MAIN_SCRIPT"
    echo "Please reinstall o3r or check your installation"
    exit 1
fi

exec "$MAIN_SCRIPT" "\$@"
EOF
chmod +x "$O3R_SCRIPT"

# Check for required commands
if ! command_exists pbcopy && ! command_exists xclip; then
    print_message "$YELLOW" "Warning: Neither pbcopy (Mac) nor xclip (Linux) found. Clipboard features will be disabled."
fi

# Determine installation directories
INSTALL_DIRS=()

# Check for user bin directory (like bgrun)
if [ -d "$HOME/bin" ]; then
    INSTALL_DIRS+=("$HOME/bin")
fi

# Check for local bin directory (like askp)
if [ -d "$HOME/.local/bin" ]; then
    INSTALL_DIRS+=("$HOME/.local/bin")
elif [ -w "/usr/local/bin" ]; then
    INSTALL_DIRS+=("/usr/local/bin")
fi

# Create .local/bin if no installation directories found
if [ ${#INSTALL_DIRS[@]} -eq 0 ]; then
    mkdir -p "$HOME/.local/bin"
    INSTALL_DIRS+=("$HOME/.local/bin")
fi

# Create wrapper scripts for all commands
for INSTALL_DIR in "${INSTALL_DIRS[@]}"; do
    # Main o3r command
    ln -sf "$O3R_SCRIPT" "$INSTALL_DIR/o3r"
    
    # Create wrapper scripts for O3R automation commands
    cat > "$INSTALL_DIR/o3r-collect" << EOF
#!/usr/bin/env bash
# o3r-collect wrapper script
# Points to: $COLLECT_SCRIPT

# Exit on error, undefined variables, and pipe failures
set -euo pipefail

# Check if target script exists
if [ ! -x "$COLLECT_SCRIPT" ]; then
    echo "Error: Could not find o3r collect script at $COLLECT_SCRIPT"
    echo "Please reinstall o3r or check your installation"
    exit 1
fi

exec "$COLLECT_SCRIPT" "\$@"
EOF
    chmod +x "$INSTALL_DIR/o3r-collect"
    
    cat > "$INSTALL_DIR/o3r-monitor" << EOF
#!/usr/bin/env bash
# o3r-monitor wrapper script
# Points to: $MONITOR_SCRIPT

# Exit on error, undefined variables, and pipe failures
set -euo pipefail

# Check if target script exists
if [ ! -x "$MONITOR_SCRIPT" ]; then
    echo "Error: Could not find o3r monitor script at $MONITOR_SCRIPT"
    echo "Please reinstall o3r or check your installation"
    exit 1
fi

exec "$MONITOR_SCRIPT" "\$@"
EOF
    chmod +x "$INSTALL_DIR/o3r-monitor"
    
    cat > "$INSTALL_DIR/o3r-run" << EOF
#!/usr/bin/env bash
# o3r-run wrapper script
# Points to: $BACKGROUND_SCRIPT

# Exit on error, undefined variables, and pipe failures
set -euo pipefail

# Check if target script exists
if [ ! -x "$BACKGROUND_SCRIPT" ]; then
    echo "Error: Could not find o3r background script at $BACKGROUND_SCRIPT"
    echo "Please reinstall o3r or check your installation"
    exit 1
fi

exec "$BACKGROUND_SCRIPT" "\$@"
EOF
    chmod +x "$INSTALL_DIR/o3r-run"
    
    print_message "$GREEN" "✓ Commands installed to $INSTALL_DIR"
done

print_message "$GREEN" "✓ O3R installed successfully!"
print_message "$GREEN" "  The following commands are now available:"
print_message "$GREEN" "  - o3r          : Prepare code for O3 refactoring"
print_message "$GREEN" "  - o3r-collect  : Collect response from O3"
print_message "$GREEN" "  - o3r-monitor  : Monitor for O3 responses"
print_message "$GREEN" "  - o3r-run      : Run complete O3 workflow in background"
print_message "$YELLOW" "  Run each command with --help to see usage instructions."
```

```sh
# FILE: ./o3r.sh
#!/bin/bash
# FILE: ./o3r.sh
# Description and help output
print_help() {
    cat << 'HELP'
o3r: Prepare code for O3 refactoring

DESCRIPTION
    Combines source files into a single document with formatting and 
    instructions for O3-based refactoring. Copies to clipboard by default.

USAGE
    o3r [OPTIONS] (-f FILE_LIST | -d DIRECTORY)

OPTIONS
    -o FILE     Write output to FILE instead of clipboard
    -f FILE     Read list of files from FILE
    -d DIR      Process all matching files in DIR recursively
    -e EXTS     Comma-separated list of extensions (default: py,js,ts,go)
    -p          Auto-paste to O3 (Mac only)
    -m          Auto-monitor for responses (Mac only)
    -i SECONDS  Check interval for monitoring (default: 30)
    -t SECONDS  Maximum wait time for monitoring (default: 300)
    -h, --help  Show help message

EXAMPLES
    o3r -d ./src -e py
    o3r -d ./src -e py -p
    o3r -f files.txt -o output.txt
    o3r -d "src/core,tests" -e py

NOTE
    Requires 'pbcopy' (Mac) or 'xclip' (Linux) for clipboard
    Auto-paste (-p) and auto-monitor (-m) only work on macOS with O3 web app
HELP
}

[[ $# -eq 0 || "$1" =~ ^-h|--help$ ]] && print_help && exit 0

output_file=""; file_list=""; directory=""; extensions="py,js,ts,go"; auto_paste=false; auto_monitor=false; monitor_interval=30; monitor_maxtime=300

while getopts "o:f:d:e:pmi:t:h" opt; do
    case $opt in
        o) output_file="$OPTARG" ;;
        f) file_list="$OPTARG" ;;
        d) directory="$OPTARG" ;;
        e) extensions="$OPTARG" ;;
        p) auto_paste=true ;;
        m) auto_monitor=true ;;
        i) monitor_interval="$OPTARG" ;;
        t) monitor_maxtime="$OPTARG" ;;
        h) print_help; exit 0 ;;
        *) echo "Try 'o3r --help' for more info."; exit 1 ;;
    esac
done

[ -z "$file_list" ] && [ -z "$directory" ] && { echo "Error: Provide -f or -d"; exit 1; }

# Function to generate formatted content
generate_content() {
    # Create a temp file to check size
    temp_file=$(mktemp)
    
    cat << 'EOL' > "$temp_file"
### REFACTORING INSTRUCTIONS ###
Refactor this codebase to be more vertically compressed and efficient while maintaining functionality. Requirements:
1. Combine related functions, variables, and imports on single lines where logical
2. Use Python shorthand syntax (list/dict comprehensions, ternaries, etc.)
3. Merge similar logic and remove redundant code
4. CRITICAL: Preserve ALL literal strings exactly as-is, including:
   - Success messages
   - Error messages
   - API responses
   - Log messages
   - Test assertions
5. Preserve docstrings and comments that explain complex logic
6. Maintain the same imports, just organize them better

### CODEBASE ###
EOL
    
    # Record start time
    start_time=$(date +"%Y-%m-%d %H:%M:%S")
    
    # Process directory input
    if [ -n "$directory" ]; then
        IFS=',' read -ra dirs <<< "$directory"
        for dir in "${dirs[@]}"; do
            IFS=',' read -ra exts <<< "$extensions"
            for ext in "${exts[@]}"; do
                echo "Scanning directory $dir for .$ext files..."
                find "$dir" -type f -name "*.$ext" | sort | while read -r file; do
                    echo "Adding $file..."
                    echo -e "\n\`\`\`$ext\n# FILE: $file" >> "$temp_file"
                    cat "$file" >> "$temp_file"
                    echo -e "\`\`\`" >> "$temp_file"
                done
            done
        done
    fi
    
    # Process file list input
    if [ -n "$file_list" ]; then
        if [ "$file_list" = "-" ]; then
            # Read from stdin
            while read -r file; do
                if [ -f "$file" ]; then
                    echo "Adding $file..."
                    ext="${file##*.}"
                    echo -e "\n\`\`\`$ext\n# FILE: $file" >> "$temp_file"
                    cat "$file" >> "$temp_file"
                    echo -e "\`\`\`" >> "$temp_file"
                else
                    echo "Warning: File not found - $file"
                fi
            done
        else
            # Read from file
            while read -r file; do
                if [ -f "$file" ]; then
                    echo "Adding $file..."
                    ext="${file##*.}"
                    echo -e "\n\`\`\`$ext\n# FILE: $file" >> "$temp_file"
                    cat "$file" >> "$temp_file"
                    echo -e "\`\`\`" >> "$temp_file"
                else
                    echo "Warning: File not found - $file"
                fi
            done < "$file_list"
        fi
    fi
    
    # Add end marker
    echo -e "\n### END CODEBASE ###\n" >> "$temp_file"
    
    # Add statistics
    total_files=$(grep -c "# FILE:" "$temp_file")
    total_bytes=$(stat -f "%z" "$temp_file")
    total_lines=$(wc -l < "$temp_file")
    end_time=$(date +"%Y-%m-%d %H:%M:%S")
    # Estimate tokens (rough approximation: ~4 chars per token)
    est_tokens=$(( total_bytes / 4 ))
    
    echo -e "### CODEBASE STATISTICS ###" >> "$temp_file"
    echo -e "- Files processed: $total_files" >> "$temp_file"
    echo -e "- Total size: $total_bytes bytes" >> "$temp_file"
    echo -e "- Total lines: $total_lines" >> "$temp_file"
    echo -e "- Estimated tokens: $est_tokens" >> "$temp_file"
    echo -e "- Collection started: $start_time" >> "$temp_file"
    echo -e "- Collection finished: $end_time" >> "$temp_file"
    echo -e "### END STATISTICS ###\n" >> "$temp_file"
    
    # Output the content
    cat "$temp_file"
    
    # Cleanup
    rm "$temp_file"
}

# Function to auto-paste to O3
auto_paste_to_o3() {
    # Check for macOS
    if [ "$(uname)" != "Darwin" ]; then
        echo "Error: Auto-paste only works on macOS"
        return 1
    fi
    
    # Attempt to find the O3 chrome app
    # This is a fallback if the o3r_collect_response.sh script doesn't exist
    osascript <<EOF
tell application "Google Chrome Dev" to activate
delay 1
tell application "System Events"
    keystroke "v" using command down
    delay 2
    key code 36  # Press Enter
end tell
EOF

    echo "Content pasted to O3"
}

# Main output handling
if [ -n "$output_file" ]; then
    generate_content > "$output_file"
    echo "Content saved to $output_file"
else
    # Try to use clipboard
    if command -v pbcopy > /dev/null; then
        generate_content | pbcopy
        echo "Content copied to clipboard (Mac)"
        
        if $auto_paste; then
            # Use the web app automation script
            echo "Opening O3 via web automation..."
            # Check if the script exists and is executable
            web_script="$(dirname "$0")/o3r_collect_response.sh"
            if [ -x "$web_script" ]; then
                "$web_script"
                
                # If auto-monitor is enabled, start monitoring
                if $auto_monitor; then
                    monitor_script="$(dirname "$0")/o3r_monitor_response.sh"
                    if [ -x "$monitor_script" ]; then
                        echo "Starting response monitoring..."
                        "$monitor_script" -i "$monitor_interval" -m "$monitor_maxtime"
                    else
                        echo "Monitoring not started. You can run it manually when ready."
                    fi
                else
                    echo "Monitoring not enabled. Run the following when ready:"
                    echo "$(dirname "$0")/o3r_monitor_response.sh"
                fi
            else
                echo "Warning: o3r_collect_response.sh not found or not executable"
                echo "Falling back to default auto_paste_to_o3 function"
                auto_paste_to_o3
            fi
        fi
    elif command -v xclip > /dev/null; then
        generate_content | xclip -selection clipboard
        echo "Content copied to clipboard (Linux)"
        $auto_paste && echo "Warning: Auto-paste not supported on Linux"
    else
        echo "Error: Install pbcopy (Mac) or xclip (Linux), or use -o"; exit 1
    fi
fi```

```sh
# FILE: ./o3r_analyze.sh
#!/bin/bash
# O3R Analyze: Automated Code Analysis Tool
# Continuously analyzes your codebase in the background and provides insights

set -e

SCRIPT_DIR="$( cd "$( dirname "${BASH_SOURCE[0]}" )" && pwd )"
GREEN='\033[0;32m'
YELLOW='\033[1;33m'
BLUE='\033[0;34m'
RED='\033[0;31m'
NC='\033[0m'

# Default values
WATCH_DIR="."
EXTENSIONS="py,js,ts,go"
INTERVAL=3600  # Default: check every hour
OUTPUT_DIR="$HOME/.o3r/insights"
LOG_FILE="$HOME/.o3r/analyze.log"
CONFIG_FILE="$HOME/.o3r/analyze.conf"
DAEMON_MODE=false
MAX_FILES=10
INSIGHTS_FILE="o3r_insights.md"

function print_message {
    local color=$1
    local message=$2
    echo -e "${color}${message}${NC}"
}

function print_help {
    cat << 'HELP'
o3r-analyze: Automated Code Analysis Tool

DESCRIPTION
    Continuously analyzes your codebase in the background and provides insights
    using O3. Can run as a daemon or one-time analysis.

USAGE
    o3r-analyze [OPTIONS] -d DIRECTORY

OPTIONS
    -d DIR        Directory to watch and analyze
    -e EXTS       Comma-separated list of extensions (default: py,js,ts,go)
    -i SECONDS    Check interval for daemon mode (default: 3600 seconds)
    -o DIR        Output directory for insights (default: ~/.o3r/insights)
    -n MAX        Maximum number of files to analyze at once (default: 10)
    -c FILE       Config file path (default: ~/.o3r/analyze.conf)
    -D            Run as daemon (background process)
    -1            Run once and exit
    -h, --help    Show help message

EXAMPLES
    # Run once on current directory
    o3r-analyze -d . -1
    
    # Start daemon watching src directory, checking every 4 hours
    o3r-analyze -d ./src -e py,js -i 14400 -D

    # Run with custom configuration file
    o3r-analyze -c ./myproject_analyze.conf
HELP
    exit 0
}

# Process command line arguments
[[ $# -eq 0 || "$1" =~ ^-h|--help$ ]] && print_help

while getopts "d:e:i:o:n:c:D1h" opt; do
    case $opt in
        d) WATCH_DIR="$OPTARG" ;;
        e) EXTENSIONS="$OPTARG" ;;
        i) INTERVAL="$OPTARG" ;;
        o) OUTPUT_DIR="$OPTARG" ;;
        n) MAX_FILES="$OPTARG" ;;
        c) CONFIG_FILE="$OPTARG" ;;
        D) DAEMON_MODE=true ;;
        1) DAEMON_MODE=false ;;
        h) print_help ;;
        *) print_message "$RED" "Error: Invalid option. Try 'o3r-analyze --help' for usage." && exit 1 ;;
    esac
done

# Load config file if it exists
if [[ -f "$CONFIG_FILE" ]]; then
    print_message "$BLUE" "Loading configuration from $CONFIG_FILE"
    source "$CONFIG_FILE"
fi

# Ensure output directory exists
mkdir -p "$OUTPUT_DIR"
mkdir -p "$(dirname "$LOG_FILE")"

# Log function
function log {
    echo "[$(date '+%Y-%m-%d %H:%M:%S')] $1" >> "$LOG_FILE"
    if [[ "$DAEMON_MODE" == false ]]; then
        echo "[$(date '+%Y-%m-%d %H:%M:%S')] $1"
    fi
}

# Function to select important files for analysis
function select_files {
    local dir="$1"
    local exts="$2"
    local max_files="$3"
    local temp_file=$(mktemp)
    
    IFS=',' read -ra EXTENSIONS_ARRAY <<< "$exts"
    
    # Find all matching files
    for ext in "${EXTENSIONS_ARRAY[@]}"; do
        find "$dir" -type f -name "*.$ext" >> "$temp_file"
    done
    
    # Get list of files changed recently
    local recent_files=$(find "$dir" -type f -name "*.$ext" -mtime -1 | sort)
    
    # If we have AI file selection, we could call an AI service here
    # For now, just take the most recently modified files up to max_files
    
    # Output the top N files, prioritizing recently changed ones
    (echo "$recent_files"; cat "$temp_file" | sort -u) | head -n "$max_files"
    
    rm "$temp_file"
}

# Function to generate analysis prompt
function generate_analysis_prompt {
    cat << 'EOL'
### CODE ANALYSIS INSTRUCTIONS ###
Please analyze this codebase and provide insights in the following categories:
1. Potential bugs or error-prone patterns
2. Performance optimization opportunities
3. Code quality and maintainability improvements
4. Architecture suggestions
5. Security concerns

For each insight:
- Provide a clear description of the issue or opportunity
- Reference specific file and line numbers
- Explain the impact or risk
- Suggest a concrete solution or improvement

Format your response as Markdown, with each category as a level-2 heading.
EOL
}

# Function to analyze code
function analyze_code {
    local dir="$1"
    local exts="$2"
    local max_files="$3"
    local output_dir="$4"
    
    local temp_dir=$(mktemp -d)
    local prompt_file="$temp_dir/analysis_prompt.txt"
    local insights_file="$output_dir/$INSIGHTS_FILE"
    local timestamp=$(date '+%Y%m%d%H%M%S')
    local files_to_analyze=$(select_files "$dir" "$exts" "$max_files")
    
    # Record start time
    local start_time=$(date '+%Y-%m-%d %H:%M:%S')
    
    log "Starting analysis of $dir"
    log "Selected $(echo "$files_to_analyze" | wc -l) files for analysis"
    
    # Generate analysis prompt
    generate_analysis_prompt > "$prompt_file"
    
    # Append each file to the prompt
    echo -e "\n### CODEBASE ###\n" >> "$prompt_file"
    
    for file in $files_to_analyze; do
        if [[ -f "$file" ]]; then
            ext="${file##*.}"
            log "Adding $file to analysis"
            echo -e "\n\`\`\`$ext\n# FILE: $file" >> "$prompt_file"
            cat "$file" >> "$prompt_file"
            echo -e "\`\`\`" >> "$prompt_file"
        fi
    done
    
    # Add end marker
    echo -e "\n### END CODEBASE ###\n" >> "$prompt_file"
    
    # Add statistics
    local total_files=$(grep -c "# FILE:" "$prompt_file")
    local total_bytes=$(stat -f "%z" "$prompt_file")
    local total_lines=$(wc -l < "$prompt_file")
    local end_time=$(date '+%Y-%m-%d %H:%M:%S')
    # Estimate tokens (rough approximation: ~4 chars per token)
    local est_tokens=$(( total_bytes / 4 ))
    
    echo -e "### CODEBASE STATISTICS ###" >> "$prompt_file"
    echo -e "- Files processed: $total_files" >> "$prompt_file"
    echo -e "- Total size: $total_bytes bytes" >> "$prompt_file"
    echo -e "- Total lines: $total_lines" >> "$prompt_file"
    echo -e "- Estimated tokens: $est_tokens" >> "$prompt_file"
    echo -e "- Collection started: $start_time" >> "$prompt_file"
    echo -e "- Collection finished: $end_time" >> "$prompt_file"
    echo -e "### END STATISTICS ###\n" >> "$prompt_file"
    
    # Submit to O3 for analysis
    # This would use o3r's automation features
    # For now, we'll just simulate the process
    
    log "Preparing to submit to O3 for analysis"
    
    # Create a dated insights file
    local dated_insights="$output_dir/insights_$timestamp.md"
    
    # Check if we can actually send this to O3
    if command -v pbcopy > /dev/null && [[ -x "$SCRIPT_DIR/o3r_collect_response.sh" ]]; then
        log "Submitting to O3 using o3r tools"
        cat "$prompt_file" | pbcopy
        
        # Try to use o3r's automation
        "$SCRIPT_DIR/o3r_collect_response.sh" submit
        
        log "Waiting for O3 response (this would normally be async)"
        # In a real implementation, we'd start monitoring in the background
        # and continue with other tasks
        
        # For demo purposes, simulate getting a response
        cat > "$dated_insights" << EOL
# Code Analysis Insights (${timestamp})

## Potential Bugs

1. **Null Reference Risk in User Authentication**
   - **File**: src/auth/login.js:42
   - **Issue**: User object accessed without null check
   - **Impact**: Could cause application crash on invalid login
   - **Solution**: Add null/undefined guard before accessing properties

## Performance Optimizations

1. **Redundant API Calls**
   - **File**: src/services/data.js:78-95
   - **Impact**: Makes duplicate network requests for the same data
   - **Solution**: Implement request caching or use memoization

## Code Quality Improvements

1. **Function Length**
   - **File**: src/utils/parser.js:120-250
   - **Issue**: processData function is 130 lines long
   - **Impact**: Difficult to maintain and test
   - **Solution**: Break into smaller, focused functions

## Architecture Suggestions

1. **Centralize Error Handling**
   - **Issue**: Error handling scattered throughout the codebase
   - **Impact**: Inconsistent error reporting and recovery
   - **Solution**: Implement global error handler and standardized error objects

## Security Concerns

1. **Hardcoded Credentials**
   - **File**: src/config/database.js:8
   - **Issue**: Database password in plaintext
   - **Impact**: Critical security vulnerability
   - **Solution**: Move to environment variables or secure credential store
EOL
        
        # Create symlink to latest insights
        ln -sf "$dated_insights" "$insights_file"
        
        log "Analysis complete. Insights saved to: $dated_insights"
        log "Latest insights available at: $insights_file"
    else
        log "Cannot submit to O3: required tools not available"
        log "Would have analyzed $(echo "$files_to_analyze" | wc -l) files"
    fi
    
    # Clean up
    rm -rf "$temp_dir"
}

# Main execution
log "O3R Analyze starting with: WATCH_DIR=$WATCH_DIR, INTERVAL=$INTERVAL seconds"

if [[ "$DAEMON_MODE" == true ]]; then
    log "Running in daemon mode with interval $INTERVAL seconds"
    
    # Main daemon loop
    while true; do
        analyze_code "$WATCH_DIR" "$EXTENSIONS" "$MAX_FILES" "$OUTPUT_DIR"
        log "Sleeping for $INTERVAL seconds"
        sleep "$INTERVAL"
    done
else
    log "Running single analysis"
    analyze_code "$WATCH_DIR" "$EXTENSIONS" "$MAX_FILES" "$OUTPUT_DIR"
    log "Analysis complete"
fi
```

```sh
# FILE: ./o3r_background.sh
#!/bin/bash
#
# O3 Background Process
# Automates the entire O3 workflow in the background
#

set -e

# Default values
check_interval=30
max_wait_time=1800  # 30 minutes
min_response_size=100
output_file="o3_response_$(date +%Y%m%d_%H%M%S).txt"
web_app_path=""
input_file=""

print_help() {
    cat << EOF
o3r_background.sh: Complete O3 workflow automation

DESCRIPTION
    Runs a complete O3 workflow in the background:
    1. Opens O3 web app
    2. Pastes content from file or clipboard
    3. Submits request
    4. Periodically checks for response
    5. Saves response to file when ready

USAGE
    ./o3r_background.sh [OPTIONS]

OPTIONS
    -h, --help           Show help message
    -i, --interval SEC   Check interval in seconds (default: 30)
    -m, --max-time SEC   Maximum time to wait in seconds (default: 1800)
    -s, --min-size BYTES Minimum response size to consider valid (default: 100)
    -f, --file FILE      Input file containing content to submit
    -o, --output FILE    Save final response to file (default: o3_response_DATE.txt)
    -a, --app-path PATH  Path to O3 web app (default: auto-detect)

EXAMPLES
    # Submit content from clipboard
    ./o3r_background.sh

    # Submit content from file
    ./o3r_background.sh -f input.txt -o response.txt

    # Custom check interval and timeout
    ./o3r_background.sh -i 60 -m 3600
EOF
}

# Parse arguments
while [[ $# -gt 0 ]]; do
    case "$1" in
        -h|--help)
            print_help
            exit 0
            ;;
        -i|--interval)
            check_interval="$2"
            shift 2
            ;;
        -m|--max-time)
            max_wait_time="$2"
            shift 2
            ;;
        -s|--min-size)
            min_response_size="$2"
            shift 2
            ;;
        -f|--file)
            input_file="$2"
            shift 2
            ;;
        -o|--output)
            output_file="$2"
            shift 2
            ;;
        -a|--app-path)
            web_app_path="$2"
            shift 2
            ;;
        *)
            echo "Unknown option: $1"
            print_help
            exit 1
            ;;
    esac
done

# Auto-detect O3 web app
auto_detect_web_app() {
    local apps=(
        "$HOME/Applications/Chrome Apps.localized/ChatGPT-o3-mini-high.app"
    )
    
    for app in "${apps[@]}"; do
        if [ -e "$app" ]; then
            web_app_path="$app"
            echo "Found O3 web app: $web_app_path"
            return 0
        fi
    done
    
    echo "⚠️ Warning: Chrome App for O3 not found at expected locations."
    echo "For more reliable operation, please set up the Chrome App as described in the README:"
    echo "1. Open Chrome"
    echo "2. Navigate to https://chat.openai.com/?model=o3-mini-high"
    echo "3. Click menu (three dots) → More tools → Create shortcut"
    echo "4. Check 'Open as window' option"
    echo "5. Name it 'ChatGPT-o3-mini-high'"
    echo "6. Click Create"
    echo ""
    echo "Falling back to Chrome Dev, but this may be less reliable for automation."
    return 1
}

# Get clipboard content
get_clipboard() {
    if command -v pbpaste > /dev/null; then
        pbpaste
    else
        echo "Error: pbpaste command not found (not on macOS?)" >&2
        exit 1
    fi
}

# Set clipboard content
set_clipboard() {
    if command -v pbcopy > /dev/null; then
        pbcopy
    else
        echo "Error: pbcopy command not found (not on macOS?)" >&2
        exit 1
    fi
}

# Submit content to O3
submit_content() {
    # Get content from file or clipboard
    if [ -n "$input_file" ]; then
        if [ -f "$input_file" ]; then
            cat "$input_file" | set_clipboard
            echo "Content loaded from file: $input_file"
        else
            echo "Error: Input file not found: $input_file" >&2
            exit 1
        fi
    else
        echo "Using content from clipboard"
    fi
    
    # Determine app to use
    if [ -z "$web_app_path" ]; then
        auto_detect_web_app
    fi
    
    app_name=$(basename "$web_app_path")
    echo "Opening O3 using web app: $app_name..."
    
    # Open app and submit content
    open -a "$web_app_path"
    echo "Waiting 3 seconds for app to load..."
    sleep 3
    
    # Paste and submit content
    osascript <<EOF
tell application "System Events"
    keystroke "v" using command down
    delay 1
    key code 36 -- Return key
end tell
EOF
    
    echo "✅ Content submitted to O3 at $(date)"
    echo "⏳ Monitoring for response..."
}

# Periodically check for response
monitor_response() {
    local start_time=$(date +%s)
    local end_time=$((start_time + max_wait_time))
    local check_count=0
    
    echo "🔍 Starting response monitoring at $(date)"
    echo "⏱️  Will check every $check_interval seconds for up to $max_wait_time seconds"
    echo "💾 Response will be saved to: $output_file"
    echo "⚡ This is running in the background (PID: $$)"
    echo "-------------------------------------------------"
    
    while [ $(date +%s) -lt $end_time ]; do
        check_count=$((check_count + 1))
        local elapsed=$(($(date +%s) - start_time))
        
        # Attempt to copy response
        osascript <<EOF
tell application "System Events"
    keystroke "c" using {command down, shift down}
    delay 1
end tell
EOF
        
        local response=$(get_clipboard)
        local response_size=${#response}
        
        echo "[Check $check_count] After ${elapsed}s: Response size $response_size bytes"
        
        # Check if response is valid
        if [ $response_size -ge $min_response_size ]; then
            echo "✅ Valid response detected after $elapsed seconds!"
            echo "📋 Response size: $response_size bytes"
            echo "----- RESPONSE PREVIEW (first 200 chars) -----"
            echo "${response:0:200}"
            echo "----------------------------------------------"
            
            # Save response to file
            echo "$response" > "$output_file"
            echo "💾 Full response saved to: $output_file"
            return 0
        fi
        
        # Wait for next check
        sleep $check_interval
    done
    
    echo "❌ No valid response detected within $max_wait_time seconds"
    return 1
}

# Main workflow
submit_content
monitor_response

exit $?
```

```sh
# FILE: ./o3r_bgrun_integration.sh
#!/bin/bash
# o3r_bgrun_integration.sh - Integration between o3r_analyze and BGRun
# Makes O3 insights available in .windsurfrules for LLMs

set -e

SCRIPT_DIR="$( cd "$( dirname "${BASH_SOURCE[0]}" )" && pwd )"
O3R_ANALYZE="$SCRIPT_DIR/o3r_analyze.sh"
O3R_INSIGHTS_DIR="${O3R_INSIGHTS_DIR:-$HOME/.o3r/insights}"
DEFAULT_CHECK_INTERVAL="4h"  # Default interval for checking code
DEFAULT_PROJECT_DIR="."      # Default project directory to analyze
DEFAULT_WIDGET_NAME="o3r-insights"

# Print help message
function print_help {
    cat << 'HELP'
o3r-insights: Integrate o3r code analysis with BGRun for LLM awareness

DESCRIPTION
    Sets up automated code analysis with o3r and makes insights available
    through BGRun widgets in .windsurfrules for LLMs to access.

USAGE
    o3r-insights [OPTIONS]

OPTIONS
    -d DIR        Project directory to analyze (default: current directory)
    -e EXTS       Comma-separated list of extensions (default: py,js,ts,go)
    -i INTERVAL   Check interval for analysis (default: 4h)
    -n MAX        Maximum number of files to analyze (default: 10)
    -w NAME       Custom widget name (default: o3r-insights)
    -s            Show current insights without starting analysis
    -1            Run analysis once and exit (no background monitoring)
    -h, --help    Show help message

EXAMPLES
    # Setup automated analysis of current directory with default settings
    o3r-insights
    
    # Analyze Python files in src directory every 12 hours
    o3r-insights -d ./src -e py -i 12h
    
    # Run once and show insights
    o3r-insights -1 -s
HELP
    exit 0
}

# Format insights for BGRun widget
function format_insights_for_widget {
    local insights_file="$1"
    local max_length=1500  # Maximum length to keep widget reasonable
    
    if [ ! -f "$insights_file" ]; then
        echo "No insights available yet. Analysis may still be running."
        return 0
    fi
    
    # Extract the most important insights
    {
        echo "## 🔍 O3 Code Insights"
        echo ""
        
        # Get section headers
        grep -E "^## " "$insights_file" | head -5
        
        echo ""
        echo "### Top Issues:"
        echo ""
        
        # Extract top item from each section (most important issues)
        awk '/^## / {in_section=1; section=$0; next} /^## / {in_section=0} in_section && /^1\. / {print "- " substr(section, 4) ": " substr($0, 4); in_section=0}' "$insights_file"
        
        echo ""
        echo "For full insights, run: cat $insights_file"
    } | head -c $max_length
}

# Show current insights
function show_current_insights {
    local insights_file="$O3R_INSIGHTS_DIR/o3r_insights.md"
    
    if [ ! -f "$insights_file" ]; then
        echo "No insights available yet."
        return 1
    fi
    
    echo "=== Current O3 Insights ==="
    cat "$insights_file"
    echo "=========================="
    
    return 0
}

# Setup BGRun widget with insights
function setup_bgrun_widget {
    local project_dir="$1"
    local extensions="$2"
    local interval="$3"
    local max_files="$4"
    local widget_name="$5"
    local one_time="$6"
    
    # Create insights directory if it doesn't exist
    mkdir -p "$O3R_INSIGHTS_DIR"
    
    if [ "$one_time" = "true" ]; then
        # Run analysis once and create widget, but don't schedule recurring checks
        echo "Running one-time analysis..."
        
        # Run o3r_analyze once
        "$O3R_ANALYZE" -d "$project_dir" -e "$extensions" -n "$max_files" -o "$O3R_INSIGHTS_DIR" -1
        
        # Format insights for widget
        local insights=$(format_insights_for_widget "$O3R_INSIGHTS_DIR/o3r_insights.md")
        
        # Use bgrun to create a one-time widget
        bgrun --widget "$widget_name" "echo '$insights'"
        
        echo "One-time analysis complete. Insights added to .windsurfrules widget '$widget_name'."
    else
        # Setup recurring analysis with BGRun
        echo "Setting up recurring analysis every $interval..."
        
        # Create the update command that will:
        # 1. Run o3r_analyze
        # 2. Format insights for the widget
        local update_cmd="\"$O3R_ANALYZE\" -d \"$project_dir\" -e \"$extensions\" -n \"$max_files\" -o \"$O3R_INSIGHTS_DIR\" -1 && cat \"$O3R_INSIGHTS_DIR/o3r_insights.md\" | head -n 50"
        
        # Use BGRun to schedule recurring analysis and widget updates
        bgrun --name "o3r-analysis" --widget "$widget_name" --interval "$interval" "$update_cmd"
        
        echo "Automated analysis scheduled with interval $interval."
        echo "Insights will be available in .windsurfrules widget '$widget_name'."
    fi
}

# Parse arguments
PROJECT_DIR="$DEFAULT_PROJECT_DIR"
EXTENSIONS="py,js,ts,go"
CHECK_INTERVAL="$DEFAULT_CHECK_INTERVAL"
MAX_FILES=10
WIDGET_NAME="$DEFAULT_WIDGET_NAME"
SHOW_ONLY=false
ONE_TIME=false

# Process command-line arguments
while getopts "d:e:i:n:w:s1h" opt; do
    case $opt in
        d) PROJECT_DIR="$OPTARG" ;;
        e) EXTENSIONS="$OPTARG" ;;
        i) CHECK_INTERVAL="$OPTARG" ;;
        n) MAX_FILES="$OPTARG" ;;
        w) WIDGET_NAME="$OPTARG" ;;
        s) SHOW_ONLY=true ;;
        1) ONE_TIME=true ;;
        h) print_help ;;
        *) echo "Unknown option: $opt"; print_help ;;
    esac
done

# Check if o3r_analyze.sh exists and is executable
if [ ! -x "$O3R_ANALYZE" ]; then
    echo "Error: o3r_analyze.sh not found or not executable at $O3R_ANALYZE"
    exit 1
fi

# Check if BGRun is installed
if ! command -v bgrun >/dev/null 2>&1; then
    echo "Error: bgrun not found. Please install BGRun first."
    exit 1
fi

# If show-only mode, just show current insights and exit
if [ "$SHOW_ONLY" = "true" ]; then
    show_current_insights
    exit $?
fi

# Setup the integration
setup_bgrun_widget "$PROJECT_DIR" "$EXTENSIONS" "$CHECK_INTERVAL" "$MAX_FILES" "$WIDGET_NAME" "$ONE_TIME"

exit 0
```

```sh
# FILE: ./o3r_collect_response.sh
#!/bin/bash
# FILE: o3r_collect_response.sh
# Description: Script to automate interactions with O3 model using Chrome web app

print_help() {
    cat << 'HELP'
o3r_collect_response.sh: Interact with O3 and collect responses

DESCRIPTION
    Opens O3 model using a Chrome web app, pastes content from clipboard,
    and provides commands to collect responses via keyboard shortcuts.

USAGE
    ./o3r_collect_response.sh [OPTIONS] [COMMAND]

COMMANDS
    submit      - Open O3, paste and submit content (default)
    collect     - Copy the current response with Cmd+Shift+C
    code        - Copy just the last code block with Cmd+Shift+;

OPTIONS
    -h, --help     Show help message
    -w SECONDS     Wait time before pasting (default: 3)
    -a APP_PATH    Full path to Chrome web app (default: auto-detect)

EXAMPLES
    ./o3r_collect_response.sh           # Submit content
    ./o3r_collect_response.sh collect   # Collect response
    ./o3r_collect_response.sh code      # Collect code block
HELP
}

# Check for macOS
if [ "$(uname)" != "Darwin" ]; then
    echo "Error: This script only works on macOS"
    exit 1
fi

# Default values
wait_before_paste=3
command="submit"
web_app_path=""

# Auto-detect O3 web app
auto_detect_web_app() {
    local apps=(
        "$HOME/Applications/Chrome Apps.localized/ChatGPT-o3-mini-high.app"
    )
    
    for app in "${apps[@]}"; do
        if [ -e "$app" ]; then
            web_app_path="$app"
            echo "Found O3 web app: $web_app_path"
            return 0
        fi
    done
    
    echo "No O3 web app found. Will use Chrome Dev instead."
    return 1
}

# Process options
while getopts "hw:a:" opt; do
    case $opt in
        h) print_help; exit 0 ;;
        w) wait_before_paste="$OPTARG" ;;
        a) web_app_path="$OPTARG" ;;
        *) echo "Try './o3r_collect_response.sh --help' for more info."; exit 1 ;;
    esac
done

shift $((OPTIND-1))
[ "$1" ] && command="$1"

# Auto-detect web app if not specified
if [ -z "$web_app_path" ]; then
    auto_detect_web_app
fi

# Submit content to O3
submit_content() {
    echo "Opening O3 and submitting content..."
    
    # Wait to ensure app is fully open
    sleep "$wait_before_paste"
    
    # Submit clipboard content to web app
    if [ -n "$web_app_path" ] && [ -e "$web_app_path" ]; then
        osascript << EOF
tell application "$web_app_path" to activate
delay 1
tell application "System Events"
    # Paste clipboard content
    keystroke "v" using command down
    delay 2
    key code 36  # Press Enter
end tell
EOF
    else
        osascript << EOF
tell application "Google Chrome Dev" to activate
delay 1
tell application "System Events"
    # Paste clipboard content
    keystroke "v" using command down
    delay 2
    key code 36  # Press Enter
end tell
EOF
    fi
    
    echo "✅ Content submitted to O3"
    echo "⏳ Waiting for response..."
    echo "📋 When ready, run: $0 collect"
    echo "📊 For code blocks only, run: $0 code"
}

# Modified collect_response function to use keyboard shortcuts
collect_response() {
    local app_id="$1"
    local app_name="$2"
    local response_type="$3"
    
    echo "Collecting response from O3 model..."
    
    if [ "$response_type" = "code" ]; then
        # Extract only code blocks
        osascript << EOF
tell application "$web_app_path" to activate
delay 1
tell application "System Events"
    tell application process "$app_id"
        set frontmost to true
        delay 1
        keystroke ";" using {command down, shift down}
        delay 1
    end tell
end tell
EOF
        echo "✅ Code blocks collected from O3 response"
        
        # Show preview of collected content
        if command -v pbpaste > /dev/null; then
            code=$(pbpaste)
            echo "------- CODE BLOCK PREVIEW -------"
            echo "${code:0:200}..."
            echo "----------------------------------"
            echo "Full code block in clipboard (${#code} characters)"
        fi
    else
        # Collect full response
        osascript << EOF
tell application "$web_app_path" to activate
delay 1
tell application "System Events"
    tell application process "$app_id"
        set frontmost to true
        delay 1
        keystroke "c" using {command down, shift down}
        delay 1
    end tell
end tell
EOF
        echo "✅ Full response collected from O3"
        
        # Show preview of collected content
        if command -v pbpaste > /dev/null; then
            response=$(pbpaste)
            echo "------- RESPONSE PREVIEW -------"
            echo "${response:0:200}..."
            echo "--------------------------------"
            echo "Full response in clipboard (${#response} characters)"
        fi
    fi
}

case "$command" in
    submit)
        submit_content
        ;;
    collect)
        collect_response "$(basename "$web_app_path")" "$(basename "$web_app_path")" "full"
        ;;
    code)
        collect_response "$(basename "$web_app_path")" "$(basename "$web_app_path")" "code"
        ;;
    *)
        echo "Unknown command: $command"
        print_help
        exit 1
        ;;
esac

exit 0
```

```sh
# FILE: ./o3r_monitor_response.sh
#!/bin/bash
# FILE: o3r_monitor_response.sh
# Description: Monitor for O3 response at regular intervals in Chrome web app

print_help() {
    cat << 'HELP'
o3r_monitor_response.sh: Monitor for O3 responses

DESCRIPTION
    Periodically checks for O3 responses in a Chrome web app until 
    a valid response is detected or the maximum time limit is reached.
    IMPORTANT: This script assumes O3 is already open in a Chrome web app!

USAGE
    ./o3r_monitor_response.sh [OPTIONS]

OPTIONS
    -h, --help           Show help message
    -i, --interval SEC   Check interval in seconds (default: 30)
    -m, --max-time SEC   Maximum time to wait in seconds (default: 300)
    -s, --min-size BYTES Minimum response size to consider valid (default: 20)
    -o, --output FILE    Save final response to file
    -a, --app-path PATH  Path to O3 web app (default: auto-detect)

EXAMPLES
    ./o3r_monitor_response.sh
    ./o3r_monitor_response.sh -i 5 -m 600
    ./o3r_monitor_response.sh --interval 15 --max-time 900 --output response.txt
HELP
}

# Default values
check_interval=30
max_wait_time=300
min_response_size=20
output_file=""
web_app_path=""

# Auto-detect O3 web app
auto_detect_web_app() {
    local apps=(
        "$HOME/Applications/Chrome Apps.localized/ChatGPT-o3-mini-high.app"
    )
    
    for app in "${apps[@]}"; do
        if [ -e "$app" ]; then
            web_app_path="$app"
            echo "Found O3 web app: $web_app_path"
            return 0
        fi
    done
    
    echo "No O3 web app found. Will use Chrome Dev instead."
    return 1
}

# Process options
while [[ "$#" -gt 0 ]]; do
    case $1 in
        -h|--help) print_help; exit 0 ;;
        -i|--interval) check_interval="$2"; shift ;;
        -m|--max-time) max_wait_time="$2"; shift ;;
        -s|--min-size) min_response_size="$2"; shift ;;
        -o|--output) output_file="$2"; shift ;;
        -a|--app-path) web_app_path="$2"; shift ;;
        *) echo "Unknown parameter: $1"; print_help; exit 1 ;;
    esac
    shift
done

# Check for macOS
if [ "$(uname)" != "Darwin" ]; then
    echo "Error: This script only works on macOS"
    exit 1
fi

# Auto-detect web app if not specified
if [ -z "$web_app_path" ]; then
    auto_detect_web_app
fi

# Start time tracking
start_time=$(date +%s)
end_time=$((start_time + max_wait_time))
check_count=0
response_size=0

# Start monitoring
echo "🔍 Starting response monitoring at $(date)"
echo "⏱️  Will check every ${check_interval} seconds for up to ${max_wait_time} seconds"
echo "⚡ Press Ctrl+C to cancel monitoring at any time"
echo "-------------------------------------------------"

while [ $(date +%s) -lt $end_time ]; do
    # Increment check counter
    check_count=$((check_count + 1))
    
    # Calculate elapsed time
    current_time=$(date +%s)
    elapsed=$((current_time - start_time))
    
    # Attempt to collect response using the appropriate app
    if [ -n "$web_app_path" ] && [ -e "$web_app_path" ]; then
        osascript << EOF > /dev/null
tell application "$web_app_path" to activate
delay 1
tell application "System Events"
    keystroke "c" using {command down, shift down}
end tell
EOF
    else
        osascript << EOF > /dev/null
tell application "Google Chrome Dev" to activate
delay 1
tell application "System Events"
    keystroke "c" using {command down, shift down}
end tell
EOF
    fi
    
    # Check clipboard content size
    if command -v pbpaste > /dev/null; then
        response=$(pbpaste)
        response_size=${#response}
        
        echo "[Check $check_count] After ${elapsed}s: Response size ${response_size} bytes"
        
        # If response is large enough, consider it valid
        if [ $response_size -gt $min_response_size ]; then
            echo "✅ Valid response detected after ${elapsed} seconds!"
            echo "📋 Response size: ${response_size} bytes"
            
            # Save to file if requested
            if [ -n "$output_file" ]; then
                echo "$response" > "$output_file"
                echo "💾 Response saved to ${output_file}"
            fi
            
            # Show preview
            echo "----- RESPONSE PREVIEW (first 200 chars) -----"
            echo "${response:0:200}"
            echo "----------------------------------------------"
            echo "Full response is in clipboard"
            
            exit 0
        fi
    fi
    
    # Wait before checking again
    sleep $check_interval
done

# If we get here, we timed out
echo "⏰ Timeout after ${max_wait_time} seconds"
echo "No valid response detected after ${check_count} checks"
exit 1
```

```sh
# FILE: ./sanitize_repo.sh
#!/bin/bash
# sanitize_repo.sh - Remove personal path information from the repository
# Run this script before publishing to GitHub

set -e  # Exit on error

echo "O3R Repository Sanitization Tool"
echo "================================"
echo "This script will remove personal path information from the repository."
echo

# Get the directory where this script is located
SCRIPT_DIR="$( cd "$( dirname "${BASH_SOURCE[0]}" )" && pwd )"
cd "$SCRIPT_DIR"

# Calculate the base directory name without personal information
BASE_DIR="$(basename "$SCRIPT_DIR")"
PARENT_DIR="$(dirname "$SCRIPT_DIR")"
USER_NAME="$(echo "$PARENT_DIR" | grep -o '[^/]*$')"

echo "Detected information:"
echo "- Repository directory: $BASE_DIR"
echo "- Current username: $USER_NAME"
echo

# Function to safely update file content
update_file() {
    local file="$1"
    local temp_file="$(mktemp)"
    
    if [ ! -f "$file" ]; then
        echo "Warning: File not found: $file"
        return 1
    fi
    
    # Replace absolute paths with script directory
    sed "s|$PARENT_DIR/$BASE_DIR|%INSTALL_DIR%|g" "$file" > "$temp_file"
    sed -i "" "s|/Users/$USER_NAME/|%USER_HOME%/|g" "$temp_file"
    sed -i "" "s|$USER_NAME|%USERNAME%|g" "$temp_file"
    
    # Only update if changes were made
    if ! diff -q "$file" "$temp_file" > /dev/null 2>&1; then
        cp "$temp_file" "$file"
        echo "✓ Sanitized: $file"
    else
        echo "  No changes needed: $file"
    fi
    
    rm "$temp_file"
}

# Create a template for the o3r script that uses relative paths
create_template_o3r() {
    cat > "o3r.template" << 'EOF'
#!/usr/bin/env bash
# Direct o3r CLI wrapper script

# Exit on error, undefined variables, and pipe failures
set -euo pipefail

# Get the directory where this script is located
SCRIPT_DIR="$( cd "$( dirname "${BASH_SOURCE[0]}" )" && pwd )"
MAIN_SCRIPT="$SCRIPT_DIR/o3r.sh"

# Use script location to ensure command works from anywhere
if [ ! -x "$MAIN_SCRIPT" ]; then
    echo "Error: Could not find o3r main script at $MAIN_SCRIPT"
    echo "Please reinstall o3r or check your installation"
    exit 1
fi

exec "$MAIN_SCRIPT" "$@"
EOF
    echo "✓ Created template for o3r script"
}

# Modify the install.sh script to use relative paths
update_install_script() {
    # Create a backup
    cp "install.sh" "install.sh.bak"
    
    # Modify the script to use the template
    sed -i "" 's|cat > "$O3R_SCRIPT" << EOF|cat > "$O3R_SCRIPT" << '\''EOF'\''|' "install.sh"
    sed -i "" '/^# Installed path:/d' "install.sh"
    sed -i "" 's|# Use absolute paths to ensure command works from anywhere|# Get the directory where this script is located\nSCRIPT_DIR="$( cd "$( dirname "${BASH_SOURCE[0]}" )" \&\& pwd )"\nMAIN_SCRIPT="$SCRIPT_DIR/o3r.sh"|' "install.sh"
    
    echo "✓ Updated install.sh to use relative paths"
}

# Find all script files and sanitize them
echo "Sanitizing files..."
create_template_o3r
find . -type f -name "*.sh" -o -name "*.bat" -o -name "o3r" -o -name "README*.md" | while read -r file; do
    update_file "$file"
done

# Update the install script
update_install_script

echo
echo "Repository sanitization complete!"
echo
echo "Next steps:"
echo "1. Review the changes (git diff)"
echo "2. Run the sanitized install script to update the o3r script"
echo "3. Test everything to ensure it works as expected"
echo "4. Commit changes to Git"
echo
echo "Remember to use git clean to remove any temporary files before publishing."
```

```md
# FILE: ./README-Windows.md
# O3R: Cross-Platform Support

This documentation explains the Windows compatibility features that have been added to the O3R tool. O3R now supports both macOS and Windows environments.

## Windows Installation

To install O3R on Windows:

1. Clone or download this repository
2. Run the Windows installer script:
   ```
   install.bat
   ```

The installer will create the necessary batch files and add them to your `%USERPROFILE%\bin` directory. If this directory is not in your PATH, you'll need to add it manually:

```
setx PATH "%PATH%;%USERPROFILE%\bin"
```

## Windows Commands

The following commands will be available after installation:

- `o3r.bat` - Prepare code for O3 refactoring
- `o3r-collect.bat` - Assist with collecting responses from O3
- `o3r-monitor.bat` - Monitor for O3 responses 
- `o3r-run.bat` - Run the complete O3 workflow

## Key Differences in Windows Version

The Windows version functions similarly to the macOS version with a few key differences:

1. **Browser Automation**: The Windows version opens the O3 chat URL in your browser but requires manual paste and submission (using Ctrl+V and Enter)

2. **Clipboard Handling**: Uses PowerShell commands for clipboard operations instead of pbcopy/pbpaste

3. **Response Collection**: When monitoring for responses, you'll need to manually copy the O3 response (Ctrl+C) when it's ready

4. **Browser Support**: Supports both Chrome and Edge browsers with the `-b` option:
   ```
   o3r-collect -b edge
   ```

## Usage Examples

Process Python files in a directory:
```
o3r -d src -e py
```

Run the complete workflow:
```
o3r-run -d src -e py -m 600
```

Extract code blocks from an O3 response:
```
o3r-collect code
```

## Known Limitations

- File path handling uses Windows conventions (backslashes)
- Some advanced features that require AppleScript on macOS have reduced functionality on Windows
- Reading from stdin via `-f -` is not supported in the Windows version

## Cross-Platform Support

The repository now contains both shell scripts (.sh) for macOS/Linux and batch files (.bat) for Windows:

- macOS/Linux users should use the .sh files or run the shell commands without extension
- Windows users should use the .bat files

For more information on the core O3R functionality, see the main [README.md](README.md).
```

```md
# FILE: ./README.md
# O3R: Unleash the Power of O3 for Code Refactoring

**O3R** (pronounced "o-three-r") is a powerful utility that unlocks the full potential of OpenAI's O3 model for code refactoring, enhancement, and development. This tool bridges the gap between limited-context coding assistants and O3's massive context window capabilities.

## 🚀 Why O3R Changes the Game

Most coding assistants suffer from limited context windows, making it difficult to work with large codebases. O3R solves this problem by:

- **Leveraging O3's 200K token context window** - Process entire modules or projects at once
- **Utilizing O3's 100K output token capacity** - Get comprehensive rewrites and refactors in one shot
- **Automating the entire workflow** - From code preparation to response collection
- **Maximizing value from ChatGPT subscriptions** - O3 web interface charges per query/response, not per token

## 💡 Use Cases

### Comprehensive Code Refactoring
Feed entire modules into O3 to:
- Modernize legacy codebases
- Apply consistent patterns across your project
- Convert between paradigms (e.g., OOP to functional)

### One-Shot Feature Implementation
Provide full context for more accurate feature additions:
- Add new functionality with complete understanding of your codebase
- Implement cross-cutting concerns correctly the first time
- Ensure new code follows existing patterns and conventions

### Deep Bug Fixing
Fix complex bugs that span multiple files:
- Include all relevant code paths in a single prompt
- Get fixes that address root causes, not just symptoms
- Debug issues that depend on interactions between components

### Code Quality Improvements
Enhance your entire codebase at once:
- Apply consistent formatting and style
- Improve performance bottlenecks
- Add proper error handling throughout
- Enhance documentation and type hints

## ✨ Features

- 🔄 **Smart Concatenation**: Combines source files with proper formatting and instructions
- 📎 **Clipboard Integration**: Automatically copies prepared content
- 🚀 **Auto-Paste**: Opens O3 web app and pastes your code (optional)
- 📊 **Response Monitoring**: Watches for when O3 completes its response (optional)
- 📋 **Response Collection**: Extracts code from O3's response for easy integration
- ⚙️ **Customizable Process**: Supports various file types and configurations

## 💰 Cost Efficiency

Using o3r with a ChatGPT subscription provides exceptional value:
- **Subscription-based pricing**: Pay a flat fee (e.g., $20/month) rather than per-token API costs
- **Unlimited queries**: Process large codebases without worrying about token costs
- **Avoid $1+ API charges**: A single large refactoring job via API could cost dollars per run

## 🔧 Installation

```bash
# Clone the repository
git clone https://github.com/caseyfenton/o3r.git
cd o3r

# Install globally
./install.sh
```

This will install the following commands:

- `o3r`: Main tool for preparing code for O3 refactoring
- `o3r-collect`: Tool for collecting responses from O3
- `o3r-monitor`: Tool for monitoring O3 for responses
- `o3r-run`: All-in-one background tool for the complete O3 workflow

### Chrome App Setup (Required for Auto-paste and Monitoring)

For the auto-paste and monitoring features to work reliably, you need to create a Chrome App for O3:

1. Open Chrome
2. Navigate to https://chat.openai.com/?model=o3-mini-high
3. Click menu (three dots) → More tools → Create shortcut
4. Check "Open as window" option
5. Name it "ChatGPT-o3-mini-high" (important to match exactly what the scripts look for)
6. Click Create

This creates a dedicated window that the scripts can reliably target for automation.

## 📖 Usage

### Basic Usage

```bash
# Process all Python files in the current directory
o3r -d . -e py

# Process JavaScript and TypeScript files in the src directory
o3r -d ./src -e js,ts

# Process specific files listed in a text file
o3r -f my_files.txt
```

### Command Options Explained

The main command `o3r` takes the following options:

- `-d DIR` : **Directory** - Process all matching files in the specified directory (recursively)
- `-f FILE` : **File List** - Read list of files from the specified file
- `-e EXTS` : **Extensions** - Comma-separated list of file extensions to include (default: py,js,ts,go)
- `-o FILE` : **Output** - Write output to a file instead of clipboard
- `-p` : **Paste** - Auto-paste to O3 web app (Mac only)
- `-m` : **Monitor** - Auto-monitor for responses after submission (Mac only)
- `-i SECS` : **Interval** - Check interval for monitoring in seconds (default: 30)
- `-t SECS` : **Timeout** - Maximum wait time for monitoring in seconds (default: 300)

### Advanced Usage Examples

```bash
# Auto-paste to O3 web app
o3r -d ./src -e py -p

# Auto-paste AND monitor for responses
o3r -d ./src -e py -p -m

# Write output to a file instead of clipboard
o3r -d ./src -e py -o refactor_request.txt

# Set custom monitoring intervals (check every 10 seconds for 5 minutes)
o3r -d ./src -e py -p -m -i 10 -t 300

# Process multiple directories
o3r -d "src/core,tests" -e py

# Use with file list from standard input
echo -e "file1.py\nfile2.py" | o3r -f -
```

### Response Collection

Once your code has been processed by O3, you can collect the response using:

```bash
# Collect the full response from O3
o3r-collect collect

# Extract just the code blocks
o3r-collect code
```

## 🚧 Future Plans

This project is actively evolving with several enhancements planned:

### AI-Assisted File Selection

We're working on integrating intelligent file selection to automatically identify the most relevant files for refactoring:

- Use AI to analyze project structure and determine entry points
- Identify core files and dependencies based on import graphs
- Prioritize files based on complexity and refactoring potential
- Optimize token usage by focusing on the most impactful files

### Enhanced Workflow Integration

- Integration with popular IDEs and editors
- Support for diff-based application of changes
- Automatic test running after refactoring
- Version control integration
- Improved browser automation that doesn't rely on Chrome Apps
- Cross-platform window targeting for more reliable automation

### Additional Features

- Support for custom templates and prompt libraries
- Project configuration files for recurring refactoring tasks
- Expanded language support

### Automated Code Analysis

We're planning a continuous code analysis feature that leverages O3 to provide ongoing insights about your codebase:

- **Background Monitoring**: Automatically analyze your code on schedule or when files change
- **Intelligent Insights**: Receive suggestions for improvements, potential bugs, and optimization opportunities
- **Integration with BGRun**: Load insights directly into your coding environment as you work
- **Contextual Awareness**: Make LLMs aware of O3's higher-level insights about your codebase

#### Implementation Plan

1. Create a daemon script that watches for file changes or runs on a schedule
2. Periodically collect relevant files based on configurable rules
3. Submit to O3 with analysis-focused prompts (different from refactoring prompts)
4. Parse and store insights in a structured format
5. Expose insights via API or file interface for integration with coding tools

This will create a feedback loop where your most capable model (O3) continuously analyzes your code in the background, while your everyday coding assistant remains aware of these insights.

### BGRun Integration

We've implemented integration with the BGRun tool to make O3's code analysis insights available directly to LLMs during your coding sessions:

- **Automatic Widget Creation**: O3 insights appear as widgets in your `.windsurfrules` file
- **Scheduled Analysis**: Set custom intervals for background code analysis (hourly, daily, etc.)
- **Contextual Awareness**: Your LLM assistant automatically sees the insights when coding

#### Usage

```bash
# Setup automated analysis with default settings (4-hour interval)
./o3r_bgrun_integration.sh

# Analyze only Python files in src directory every 12 hours
./o3r_bgrun_integration.sh -d ./src -e py -i 12h

# Run once and show current insights
./o3r_bgrun_integration.sh -1 -s
```

#### Options

- `-d DIR` - Project directory to analyze (default: current directory)
- `-e EXTS` - File extensions to analyze (default: py,js,ts,go)
- `-i INTERVAL` - Check interval like 30m, 4h, 1d (default: 4h)
- `-n MAX` - Maximum number of files to analyze at once (default: 10)
- `-w NAME` - Custom widget name (default: o3r-insights)
- `-s` - Show current insights without starting analysis
- `-1` - Run analysis once and exit (no background monitoring)

#### How It Works

1. The integration script uses `o3r_analyze.sh` to periodically analyze your code
2. Analysis results are formatted into concise summaries
3. BGRun creates or updates a widget in `.windsurfrules` with the insights
4. Your LLM coding assistant automatically sees these insights during your coding sessions

This creates a seamless experience where O3's powerful analytical capabilities continuously inform your everyday coding assistant.

## 🤝 Contributing

Contributions are welcome! Please feel free to submit a Pull Request.

## 📄 License

This project is licensed under the MIT License - see the LICENSE file for details.
```

```md
# FILE: ./perplexity_results/000_Current_status_of_Chrome_Apps_in_2025_and_alternat.md
### Current Status of Chrome Apps in 2025

- **Complete Phase-Out**: Chrome Apps were deprecated in 2020. Support for Chrome Apps on all platforms, except ChromeOS, ended in 2022. Support for ChromeOS ends in **January 2025**, after which Chrome Apps will no longer function[4][10].
- **Enterprise and Education Kiosk Mode**: Chrome Apps in Kiosk Mode for enterprise and education users will continue until **April 2027**[10].

---

### Alternatives to Chrome Apps

With the discontinuation of Chrome Apps, users can leverage the following alternatives:

- **Progressive Web Apps (PWAs)**: PWAs provide a modern replacement, offering offline capabilities, push notifications, and native-like app experiences via the web[4][10].
- **Chrome Extensions**: Chrome Extensions remain fully supported and continue to receive updates, offering functionality for tasks previously handled by Chrome Apps[1][10].

---

### Alternatives to Google Chrome Browser in 2025

Given Chrome's drawbacks (e.g., high resource consumption, privacy concerns, Manifest V3 restrictions), users can consider the following browsers:

#### **Top Alternatives**:
1. **Firefox**:
   - Open-source, non-Chromium.
   - Advanced privacy features (e.g., Enhanced Tracking Protection, Total Cookie Protection)[2][5].
2. **Brave**:
   - Ad-blocking and tracker-blocking by default.
   - Private browsing with Tor integration[5][8].
3. **Vivaldi**:
   - Highly customizable UI.
   - Features like tab stacking, web panels, and built-in privacy tools[5][8].
4. **Opera**:
   - Built-in VPN and ad-blocker.
   - Convenient tab organization features[2][8].
5. **Tor Browser**:
   - Focused on privacy and anonymity.
   - Onion routing to encrypt web traffic[2][5].

#### **Other Notable Options**:
- **Microsoft Edge**: Improved speed and compatibility with Windows.
- **LibreWolf**: Privacy-oriented Firefox fork, telemetry-free.
- **Arc Browser**: Simplifies workflows with features like Spaces[2][8].

These browsers address privacy concerns, enhance performance, and provide features tailored to user needs, making them strong alternatives.```

```md
# FILE: ./perplexity_results/000_How_to_create_a_Chrome_desktop_shortcut_for_a_spec.md
## Steps to Create a Chrome Desktop Shortcut for a Website

1. Open Google Chrome on your computer.
2. Navigate to the website you want to create a shortcut for.
3. Click the three-dot menu icon (⋮) in the upper-right corner of Chrome.
4. Hover over **"More tools"** and select **"Create shortcut…"** from the submenu[1][3][9].
5. In the dialog box that appears:
   - Enter a name for the shortcut, or keep the default.
   - Check the **"Open as window"** option if you want the shortcut to launch without a browser interface.
6. Click **"Create"** to add the shortcut to your desktop[1][9].

Alternatively:
- Drag and drop the website’s favicon from the address bar directly onto your desktop for a quick shortcut creation[3].```

```md
# FILE: ./perplexity_results/000_How_to_create_and_distribute_Chrome_apps_for_speci.md
### Creating and Distributing Chrome Apps for Specific URLs in 2025

In 2025, Chrome Apps are deprecated, and developers are advised to transition to Progressive Web Apps (PWAs) or Chrome Extensions. Chrome Extensions are better suited for enhancing browser functionality and interacting with specific URLs. Below are the steps:

---

### **1. Develop a Chrome Extension**
1. **Project Setup**:
   - Create a project folder containing essential files: `manifest.json`, HTML, JavaScript, and assets[10].
   - Structure should include a manifest file for metadata (name, version, permissions)[10].

2. **Define Permissions**:
   - Specify permissions in `manifest.json`, including access to specific URLs (`<all_urls>` or URL patterns)[10].

3. **Core Functionality**:
   - Use `content_scripts` for interacting with specific pages.
   - Leverage background scripts for persistent tasks or API calls[10].

4. **Extension APIs**:
   - Utilize APIs like `chrome.tabs` or `chrome.webRequest` to control behavior on specific URLs[6].

---

### **2. Testing and Optimization**
- Test the extension thoroughly in Chrome browser.
- Use tools like Chrome DevTools for debugging and performance optimization[10].

---

### **3. Publishing the Extension**
1. **To Chrome Web Store**:
   - Package the extension as a `.zip` file.
   - Upload to the Chrome Web Store, adhering to guidelines like the "single purpose" policy[6][10].

2. **Self-Hosting**:
   - Provide the extension's XML manifest URL for manual installation, mainly for managed devices in enterprises or schools[6].

---

### **4. Progressive Web Apps (PWAs) Alternative**
- PWAs are recommended for URL-specific web apps.
- Enhance functionality by pairing PWAs with extensions, if necessary[1][6].

---

### **5. Distribution and Administration**
1. **Chrome Web Store**:
   - Extensions can be distributed widely or restricted to specific users/domains[6].

2. **Managed Environments**:
   - Administrators can force-install extensions via policy settings in the Google Admin Console[6][5].

3. **Testing with Firebase**:
   - Utilize Firebase App Distribution to provide pre-release versions to testers for feedback[2][3].

---

### **6. Migration from Chrome Apps**
- Developers migrating from Chrome Apps must guide users to uninstall the old apps and adopt new solutions like extensions or PWAs[1][5].
- Managed policies (e.g., `ExtensionInstallForceList`) should be updated for enterprises[1].

---

### Notes:
- Chrome Apps will reach their final phase-out by 2028, with key deadlines in 2025 for ChromeOS support[1][5].
- Extensions should align with modern web standards and security practices to ensure compatibility and efficiency[10].```

```md
# FILE: ./perplexity_results/001_Chrome_PWA__Progressive_Web_App__vs_Chrome_extensi.md
## Chrome PWA vs. Chrome Extensions for Launching Specific URLs

### **Progressive Web Apps (PWA)**
- **Purpose**: PWAs are web-based applications optimized for app-like experiences. They can function independently of a browser tab and can be installed as standalone apps[1][3].
- **URL Launching**: PWAs can launch specific URLs directly, either in their own window or within the app itself, by defining the URLs in a web manifest file[1][3].
- **Capabilities**:
  - Can run offline using service workers[1].
  - Provides cross-platform compatibility and works on all browsers supporting PWAs[3][7].
  - Metadata in the manifest file allows for custom launch behavior, such as windowed mode[1].
- **Installation**: Optional. Can be accessed through a browser or installed on devices with shortcuts[3][7].
  
### **Chrome Extensions**
- **Purpose**: Designed to enhance browser functionality. Extensions operate within the browser environment and are tightly integrated with Chrome APIs[1][6][7].
- **URL Launching**:
  - Capable of opening and managing specific URLs using background scripts or popup actions[1][6].
  - Can open multiple URLs simultaneously (e.g., All URLs Opener extension)[2].
- **Capabilities**:
  - Deep integration with Chrome APIs, such as `chrome.tabs` and `chrome.webRequest` for URL management[6][8].
  - Advanced customization of browser behavior, including injecting scripts or modifying web pages[6][7].
- **Installation**: Requires installation from the Chrome Web Store or manual addition[6].

### **Comparison**

| Feature                  | Progressive Web Apps (PWAs)         | Chrome Extensions                     |
|--------------------------|--------------------------------------|----------------------------------------|
| **Launch Mechanism**     | Directly launches specific URLs via manifest[1] | Uses background scripts or user actions to launch URLs[6] |
| **Platform Independence**| Works across browsers and platforms[3][7] | Chrome-specific, with limited support in other browsers[1][6] |
| **UI/UX**                | App-like, standalone windows[3]     | Integrated into browser toolbar[6]     |
| **Background Tasks**     | Limited to periodic sync[1]         | Full background execution, even when browser is closed[6] |
| **Offline Support**      | Offline functionality via service workers[1] | No offline capabilities[6]            |
| **Installation**         | Optional, runs directly from URL or as an app[3] | Mandatory installation from Chrome Web Store[6] |

### **Use Case Recommendations**
- **PWAs**: Best for standalone, app-like experiences with optional offline support and cross-platform compatibility.
- **Chrome Extensions**: Ideal for browser-specific tasks, bulk URL management, and deep integration with Chrome APIs.```

```md
# FILE: ./perplexity_results/001_Chrome_PWA_installation_steps.md
### Chrome PWA Installation Steps

#### **Desktop (Windows, macOS, Linux, ChromeOS)**
1. Open Google Chrome and navigate to the desired website.
2. Look for the "Install" icon in the URL bar (if the site supports PWA installation).
3. Click the **"Install"** button in the prompt, or access it through the three-dot menu by selecting **"Install App"**.
4. The PWA is now installed and accessible via the desktop, Start menu, or launcher[1][2][6].

#### **Android**
1. Open Chrome and visit the website.
2. If a prompt appears, click **"Install"** or **"Add to Home Screen"**.
3. If no prompt appears, open the Chrome menu (three dots) and select **"Add to Home Screen"**.
4. Confirm installation by tapping **"Add"** in the popup. The PWA is now on your home screen[2][4][6].

#### **iOS (via Safari)**
1. Open Safari and navigate to the website.
2. Tap the **Share** icon, then select **"Add to Home Screen"**.
3. Confirm by tapping **"Add"** in the top-right corner. The PWA appears on the home screen[2][4][6].

#### **Uninstallation**
- **Desktop**: Right-click the PWA icon or access via `chrome://apps` to uninstall.
- **Android/iOS**: Long-press the app icon and select **"Uninstall"** or **"Remove"**[2][6].```

```md
# FILE: ./perplexity_results/001_How_to_create_a_PWA_install_button_for_a_website.md
To create a "PWA Install" button for your website, follow these steps for implementation:

### **1. Add HTML for the Button**
Include a button in your HTML, initially hidden:
```html
<button id="install-button" style="display: none;">Install App</button>
```

### **2. Capture the `beforeinstallprompt` Event**
Listen for the `beforeinstallprompt` event in your JavaScript to detect when the PWA is eligible for installation:
```javascript
let deferredPrompt;

window.addEventListener('beforeinstallprompt', (e) => {
  e.preventDefault(); // Prevent automatic prompt
  deferredPrompt = e; // Save the event
  document.getElementById('install-button').style.display = 'block'; // Show button
});
```

### **3. Trigger the Installation Prompt**
Attach a click event listener to the button to trigger the saved `beforeinstallprompt` event:
```javascript
document.getElementById('install-button').addEventListener('click', async () => {
  if (deferredPrompt) {
    deferredPrompt.prompt(); // Show the install prompt
    const { outcome } = await deferredPrompt.userChoice; // Wait for user response
    console.log(`User response: ${outcome}`);
    deferredPrompt = null; // Clear the saved event
  }
});
```

### **4. Handle Post-Installation**
Hide the button after successful installation using the `appinstalled` event:
```javascript
window.addEventListener('appinstalled', () => {
  console.log('PWA installed');
  document.getElementById('install-button').style.display = 'none'; // Hide button
});
```

### **5. Key Considerations**
- Ensure your PWA meets installability criteria: valid `manifest.json`, HTTPS, and active service worker.
- The `beforeinstallprompt` event is supported only on Chromium-based browsers. For iOS, guide users to use the "Add to Home Screen" option manually.
  
This approach ensures a functional, user-friendly install button for your PWA[1][4][9].```

```md
# FILE: ./perplexity_results/002_Chrome_protocol_handlers_versus_web_app_installati.md
### Chrome Protocol Handlers vs. Web App Installation: Key Differences and Features

**Chrome Protocol Handlers**
- Allow websites or PWAs to register as handlers for specific URL schemes using `registerProtocolHandler()` or the `protocol_handlers` field in the manifest[1][4][7].
- Protocols can include predefined schemes (e.g., `mailto`, `bitcoin`) or custom schemes prefixed with `web+` or `ext+`[1][7][10].
- Upon registration, clicking an associated link opens the PWA or site, passing the URL as a parameter[4][7][10].
- Registration enhances integration with operating systems by associating the app with specific protocols in app preferences[4][10].
- Security requirements include HTTPS URLs and safelisted protocols or custom schemes conforming to specific rules[1][10].
- Protocol handlers are optional and require explicit user action for activation[1][4][10].

**Web App Installation (PWAs)**
- PWAs can be promoted for installation by browsers if they meet installability criteria (e.g., valid manifest, HTTPS, service worker)[2][5].
- Installed PWAs appear as standalone apps with icons in the operating system, offering behavior akin to native apps[2][5].
- Installation triggers vary by browser and platform (e.g., "Install" icon in Chrome, "Add to Home Screen" on Android)[2][8].
- Once installed, PWAs can run offline, access system features like notifications, and work independently of the browser[2][5].
- Developers can customize the installation prompt using manifest fields like `description`, `screenshots`, and `name`[2][8].
- Installation provides users with enhanced discoverability and usability, functioning as a bridge between web and native apps[2][8].

**Comparison Table**

| Feature                         | Protocol Handlers                                         | Web App Installation (PWA)                          |
|---------------------------------|----------------------------------------------------------|-----------------------------------------------------|
| **Purpose**                     | Handle specific URL schemes                              | Provide standalone app experience                   |
| **Integration**                 | Registers app with OS for protocol handling              | Installs app with OS integration (icons, launchers) |
| **Trigger**                     | User clicks a protocol-specific link                     | Browser prompts or user initiates installation      |
| **Customization**               | Protocols and handler URL defined in manifest            | Install prompt customizable via manifest fields     |
| **Security**                    | Requires HTTPS and safe/custom schemes                  | Requires HTTPS and valid manifest                  |
| **Offline Support**             | No                                                       | Yes (if implemented by developers)                 |
| **User Action**                 | Requires explicit user consent for registration          | Requires user confirmation for installation         |

### Summary
Protocol handlers focus on linking specific URL schemes to apps, enhancing integration for certain tasks. Web app installation elevates PWAs to function as standalone apps with broader system integration, offline access, and native-like behavior. Both features complement each other to extend the capabilities of web apps.```

```md
# FILE: ./perplexity_results/002_How_to_distribute_Chrome_apps_to_users.md
### Distribution of Chrome Apps and Extensions

#### **Chrome Web Store**
1. **Standard Publishing**:
   - Publish apps/extensions via the Chrome Web Store.
   - Visibility options: Public, Unlisted, or Private.
   - Extensions must pass a review process before publication, which can take several days[1][8].

2. **Private Distribution**:
   - Restrict app visibility to specific users or organizations.
   - Admins can deploy private apps/extensions to organizational units via the Google Admin Console[1][8].

3. **Updates**:
   - Automatic updates for apps/extensions are handled through the Chrome Web Store[1].

---

#### **Self-Hosting**
1. **Hosting Extensions**:
   - Host Chrome extensions on private servers.
   - Create a `.json` file specifying the update URL and extension metadata[1][5].

2. **Configuration**:
   - Windows Registry (Windows) or specific directories (Linux/macOS) are used to deploy extensions[5].

3. **Advantages**:
   - Full control over distribution and updates.
   - Immediate availability of updates bypassing Chrome Web Store review[1][5].

---

#### **Enterprise Distribution**
1. **Google Admin Console**:
   - Admins can force-install apps/extensions across managed devices.
   - Extensions are added using their Web Store IDs[1][8].

2. **Policy Management**:
   - Use Group Policy Objects (Windows) or JSON configuration files for centralized control[2][5].

3. **Version Control**:
   - Pin specific extension versions to prevent automatic updates[1].

---

#### **Web Apps**
1. **Direct Access**:
   - Web apps can be distributed via a URL and accessed in Chrome.
   - Updates are instantly available once pushed to the server[1].

2. **Admin Deployment**:
   - Admins can deploy web apps through the Admin Console by specifying the app's URL[1].

---

#### **Advanced Options**
1. **Testing Tracks**:
   - Developers can create beta testing tracks for app versions.
   - Useful for internal testing before public release[7].

2. **Managed Play Store Integration**:
   - For organizations using Managed Google Play, private apps can be distributed across multiple organizations (up to 1,000)[7].

3. **Long-Term Support**:
   - Adjust app compatibility with ChromeOS Long-Term Support versions, updated every six months for enterprise users[1].

These methods ensure flexibility in distributing Chrome apps and extensions to various user groups, from individual users to large organizations.```

```md
# FILE: ./perplexity_results/002_Steps_to_create_a_Progressive_Web_App_for_specific.md
## Steps to Create a Progressive Web App (PWA) for a Specific URL

1. **Prepare Environment**:
   - Use a modern browser supporting PWA features (e.g., Chrome, Edge, Firefox)[7].
   - Ensure HTTPS hosting for secure origins[7][9].

2. **Create a Web App Manifest**:
   - Make a `manifest.json` file with metadata:
     - Name (`name`/`short_name`).
     - Starting URL (`start_url`).
     - Display mode (`standalone`, `fullscreen`, etc.).
     - Icons (e.g., 192x192, 512x512 px)[1][7][9].
   - Add it to your HTML `<head>` using `<link rel="manifest" href="/manifest.json">`[1][9].

3. **Create a Service Worker**:
   - Register a service worker (`serviceworker.js`) in your HTML:
     ```javascript
     if ('serviceWorker' in navigator) {
         navigator.serviceWorker.register('/serviceworker.js');
     }
     ```
   - Use the service worker to cache assets for offline access and handle fetch events[1][7].

4. **Configure URL Handling (Optional)**:
   - Add `"url_handlers"` to `manifest.json` with an array of URL patterns for deep linking:
     ```json
     "url_handlers": [{"origin": "https://example.com"}]
     ```
   - Host a `web-app-origin-association` file in the `/.well-known/` directory to validate ownership of associated URLs[2][6].

5. **Test and Debug**:
   - Use Lighthouse in Chrome DevTools to validate PWA installability[5].
   - Ensure the app works offline and meets PWA criteria[7].

6. **Deploy**:
   - Host the app on a web server (e.g., GitHub Pages, Azure, or Heroku)[1][9].
   - Update the `start_url` in `manifest.json` to match the deployment URL[1][9].

7. **Install and Use**:
   - On Android, use Chrome’s "Add to Home Screen" option.
   - On iOS, use Safari’s "Add to Home Screen"[1][7].```

```md
# FILE: ./perplexity_results/003_Chrome_URL_handlers_and_protocol_handlers_for_laun.md
### Chrome URL Handlers and Protocol Handlers Overview

**URL Handlers** and **Protocol Handlers** in Chrome enable specific applications or web pages to handle certain types of links or protocols. These handlers are essential for actions like opening email clients, launching apps, or redirecting to a specific service.

---

### **Key Details About Protocol Handlers in Chrome**

1. **`registerProtocolHandler()` API**:
   - **Purpose**: Allows websites to register themselves as handlers for specific URL schemes.
   - **Syntax**: 
     ```javascript
     navigator.registerProtocolHandler(scheme, url);
     ```
     - `scheme`: Protocol to handle (e.g., `mailto`, `web+coffee`).
     - `url`: The handler URL containing `%s` as a placeholder for the escaped URL (e.g., `/path?type=%s`)[1][5].
   - **Supported Protocols**:
     - Safelisted: `mailto`, `bitcoin`, `magnet`.
     - Custom: Must start with `web+` followed by ASCII letters (e.g., `web+music`)[1][4].

2. **Protocol Handlers in Web App Manifest**:
   - PWAs can declare protocol handlers in their `manifest.json`:
     ```json
     "protocol_handlers": [
       { "protocol": "web+music", "url": "/play?track=%s" }
     ]
     ```
   - Enables PWAs to handle links like `web+music://track123`[1][4].
   - Updates to the manifest can add or remove handlers dynamically without reinstalling the PWA[1].

3. **User Consent**:
   - Users must grant permission via a dialog when first launching a handler.
   - They can opt to "disallow" future handling or reset preferences by uninstalling the PWA[1][4].

4. **Security and Privacy**:
   - Handlers must use HTTPS or secure schemes (e.g., `chrome-extension`).
   - Registered handlers cannot be accessed by websites for fingerprinting[1][2].
   - Non-user initiated navigations (e.g., in iframes) are blocked for additional security[1].

5. **Chrome Settings for Protocol Handlers**:
   - Access via `chrome://settings/handlers` or `Privacy and Security > Site Settings > Protocol Handlers`.
   - Users can enable, disable, or manage specific handlers, such as setting Gmail for `mailto` links[7][10].

---

### **Additional Functionality**

- **OS-Level Integration**:
  - Chrome can redirect certain protocols (e.g., `mailto`) to native applications or web services like Gmail[5][10].
- **Multiple Apps for One Protocol**:
  - If multiple apps register for the same protocol (e.g., `mailto`), users are presented with a picker to choose the handler[1].
- **Developer Tools**:
  - Developers can test and debug protocol handlers through Chrome DevTools (`Application > Manifest > Protocol Handlers`)[1].

---

### **Examples and Use Cases**

1. **Custom Email Handling**:
   - Register Gmail as the email handler for `mailto` links via Chrome settings or manifest declarations[10].
2. **Custom Protocols**:
   - Example: `web+coffee://order-latte` can redirect to `https://example.com/order?item=latte` via:
     ```javascript
     navigator.registerProtocolHandler('web+coffee', 'https://example.com/order?item=%s');
     ```

### Summary
Chrome's URL and protocol handlers enable seamless integration of apps and web services, providing flexibility, security, and user control over link handling.```

```md
# FILE: ./perplexity_results/003_How_to_create_a_Chrome_PWA_installation_button_on_.md
### Steps to Create a Chrome PWA Installation Button on a Website

**1. Prepare the PWA**
- Ensure a valid `manifest.json` file is included in your project. It must specify properties like `name`, `short_name`, `start_url`, `icons`, and `display` set to `"standalone"` or `"fullscreen"`[5].
- The site must be served over HTTPS and include a registered and functioning Service Worker[5].

**2. Add Install Button to HTML**
- Add the button HTML to your page:
```html
<button id="install" hidden>Install App</button>
```
- Keep the button hidden initially[7].

**3. Capture `beforeinstallprompt` Event**
- Use JavaScript to listen for the `beforeinstallprompt` event:
```javascript
let installPromptEvent;

window.addEventListener('beforeinstallprompt', (event) => {
  event.preventDefault();
  installPromptEvent = event;
  document.querySelector('#install').removeAttribute('hidden');
});
```
- `preventDefault()` stops the browser’s default install prompt, allowing custom UI[7].

**4. Trigger the Install Prompt**
- Add an event listener to the install button:
```javascript
document.querySelector('#install').addEventListener('click', async () => {
  if (installPromptEvent) {
    installPromptEvent.prompt();
    const { outcome } = await installPromptEvent.userChoice;
    console.log(`User response to the install prompt: ${outcome}`);
    installPromptEvent = null;
    document.querySelector('#install').setAttribute('hidden', '');
  }
});
```
- The `prompt()` method triggers the installation prompt, and `userChoice` provides the user’s decision[7].

**5. Handle Installation Events**
- Optionally, listen for the `appinstalled` event to track successful installations:
```javascript
window.addEventListener('appinstalled', () => {
  console.log('PWA was installed');
});
```
- This event confirms the app's installation on the user's device[7].

**6. Test the PWA**
- Ensure all installability criteria are met by testing in Chrome DevTools (Application > Manifest > Installability)[5].

This setup enables a custom in-app button to prompt users to install the PWA, improving visibility and control over the installation process.```

```md
# FILE: ./perplexity_results/2025_urls_users_and_1_more_combined.md
# Combined Query Results

Summary:

Totals | Model: sonar-pro | 4 queries | 2,527 tokens | $0.0025 | 15.1s (0.26 q/s)

Results saved to: perplexity_results

## Query 1: How to create and distribute Chrome apps for specific URLs in 2025

No content available

## Query 2: Chrome PWA (Progressive Web App) vs Chrome extensions for launching specific URLs

No content available

## Query 3: How to distribute Chrome apps to users

No content available

## Query 4: How to create a Chrome PWA installation button on a website

No content available

```

```md
# FILE: ./perplexity_results/alternatives_website_url_and_1_more_combined.md
# Combined Query Results

Summary:

Totals | Model: sonar-pro | 4 queries | 2,452 tokens | $0.0025 | 17.1s (0.23 q/s)

Results saved to: perplexity_results

## Query 1: Current status of Chrome Apps in 2025 and alternatives

No content available

## Query 2: How to create a PWA install button for a website

No content available

## Query 3: Steps to create a Progressive Web App for specific URL

No content available

## Query 4: Chrome URL handlers and protocol handlers for launching specific URLs

No content available

```

```md
# FILE: ./perplexity_results/website_steps_installation_combined.md
# Combined Query Results

Summary:

Totals | Model: sonar-pro | 3 queries | 1,376 tokens | $0.0014 | 14.9s (0.20 q/s)

Results saved to: perplexity_results

## Query 1: How to create a Chrome desktop shortcut for a specific website

No content available

## Query 2: Chrome PWA installation steps

No content available

## Query 3: Chrome protocol handlers versus web app installation

No content available

```

### END CODEBASE ###

### CODEBASE STATISTICS ###
- Files processed: 33
- Total size: 86952 bytes
- Total lines:     2523
- Estimated tokens: 21738
- Collection started: 2025-04-11 22:50:02
- Collection finished: 2025-04-11 22:50:02
### END STATISTICS ###

